DPI Packets (UDP):	6	(6.00 pkts/flow)
Confidence DPI              : 1 (flows)
Num dissector calls: 6 (6.00 diss/flow)
LRU cache ookla:      0/0/0 (insert/search/found)
LRU cache bittorrent: 0/0/0 (insert/search/found)
LRU cache stun:       0/8/0 (insert/search/found)
LRU cache tls_cert:   0/1/0 (insert/search/found)
LRU cache mining:     0/0/0 (insert/search/found)
LRU cache msteams:    0/0/0 (insert/search/found)
LRU cache fpc_dns:    0/0/0 (insert/search/found)
Automa host:          0/0 (search/found)
Automa domain:        0/0 (search/found)
Automa tls cert:      1/0 (search/found)
Automa risk mask:     0/0 (search/found)
Automa common alpns:  0/0 (search/found)
Patricia risk mask:   2/0 (search/found)
Patricia risk mask IPv6: 0/0 (search/found)
Patricia risk:        1/0 (search/found)
Patricia risk IPv6:   0/0 (search/found)
Patricia protocols:   2/0 (search/found)
Patricia protocols IPv6: 0/0 (search/found)

STUN	6	1563	1

Acceptable                       6 1563          1            

	1	UDP 33.35.223.103:540 -> 26.83.9.81:57567 [proto: 78/STUN][IP: 0/Unknown][ClearText][Confidence: DPI][FPC: 78/STUN, Confidence: DPI][DPI packets: 6][cat: Network/14][6 pkts/1563 bytes -> 0 pkts/0 bytes][Goodput ratio: 84/0][1.16 sec][bytes ratio: 1.000 (Upload)][IAT c2s/s2c min/avg/max/stddev: 0/0 232/0 299/0 116/0][Pkt Len c2s/s2c min/avg/max/stddev: 106/0 260/0 958/0 312/0][Mapped IP/Port: 5.36.191.232:57567][Risk: ** Self-signed Cert **** Unidirectional Traffic **][Risk Score: 110][Risk Info: No client to server traffic / CN=LiveFoundry Inc.][PLAIN TEXT (LiveFoundry Inc.0)][Plen Bins: 0,0,67,16,0,0,0,0,0,0,0,0,0,0,0,0,0,0,0,0,0,0,0,0,0,0,0,0,16,0,0,0,0,0,0,0,0,0,0,0,0,0,0,0,0,0,0,0]
